load_target 0
prime_target 0
prime_draft 0
prime_target 128
prime_draft 128
draft_verify 0
draft_verify 1
draft_verify 2
draft_verify 3
draft_verify 4
draft_verify 5
draft_verify 6
draft_verify 7
draft_verify 8
draft_verify 9
draft_verify 10
draft_verify 11
draft_verify 12
draft_verify 13
draft_verify 14
draft_verify 15
draft_verify 16
draft_verify 17
draft_verify 18
draft_verify 19
draft_verify 20
draft_verify 21
draft_verify 22
draft_verify 23
draft_verify 24
draft_verify 25
draft_verify 26
draft_verify 27
draft_verify 28
draft_verify 29
draft_verify 30
draft_verify 31
draft_verify 32
draft_verify 33
draft_verify 34
draft_verify 35
draft_verify 36
draft_verify 37
draft_verify 38
draft_verify 39
draft_verify 40
draft_verify 41
draft_verify 42
draft_verify 43
draft_verify 44
draft_verify 45
draft_verify 46
draft_verify 47
draft_verify 48
draft_verify 49
draft_verify 50
draft_verify 51
draft_verify 52
draft_verify 53
draft_verify 54
draft_verify 55
draft_verify 56
draft_verify 57
draft_verify 58
draft_verify 59
draft_verify 60
draft_verify 61
draft_verify 62
draft_verify 63
draft_verify 64
draft_verify 65
draft_verify 66
draft_verify 67
draft_verify 68
draft_verify 69
draft_verify 70
draft_verify 71
draft_verify 72
draft_verify 73
draft_verify 74
draft_verify 75
draft_verify 76
draft_verify 77
draft_verify 78
draft_verify 79
draft_verify 80
draft_verify 81
draft_verify 82
draft_verify 83
draft_verify 84
draft_verify 85
draft_verify 86
draft_verify 87
draft_verify 88
draft_verify 89
draft_verify 90
draft_verify 91
draft_verify 92
draft_verify 93
draft_verify 94
draft_verify 95
draft_verify 96
draft_verify 97
draft_verify 98
draft_verify 99
draft_verify 100
draft_verify 101
draft_verify 102
draft_verify 103
draft_verify 104
draft_verify 105
draft_verify 106
draft_verify 107
draft_verify 108
draft_verify 109
draft_verify 110
draft_verify 111
draft_verify 112
draft_verify 113
draft_verify 114
draft_verify 115
draft_verify 116
draft_verify 117
draft_verify 118
draft_verify 119
draft_verify 120
draft_verify 121
draft_verify 122
draft_verify 123
draft_verify 124
draft_verify 125
draft_verify 126
draft_verify 127
complete 0
