load_target 0
prime_target 0
prime_draft 0
draft_verify 0
draft_verify 4
draft_verify 8
draft_verify 12
draft_verify 16
draft_verify 20
draft_verify 24
draft_verify 28
draft_verify 31
draft_verify 33
draft_verify 37
draft_verify 39
draft_verify 43
draft_verify 47
draft_verify 49
draft_verify 53
draft_verify 56
draft_verify 60
draft_verify 64
draft_verify 68
draft_verify 72
draft_verify 76
draft_verify 77
draft_verify 81
draft_verify 85
draft_verify 89
draft_verify 93
draft_verify 97
draft_verify 98
draft_verify 102
draft_verify 106
draft_verify 110
draft_verify 114
draft_verify 118
draft_verify 122
draft_verify 126
draft_verify 127
complete 0
