load_target 0
prime_target 0
prime_draft 0
draft_verify 0
draft_verify 3
draft_verify 6
draft_verify 10
draft_verify 14
draft_verify 18
draft_verify 22
draft_verify 26
draft_verify 29
draft_verify 33
draft_verify 36
draft_verify 40
draft_verify 44
draft_verify 48
draft_verify 52
draft_verify 56
draft_verify 58
draft_verify 62
draft_verify 66
draft_verify 70
draft_verify 73
draft_verify 77
draft_verify 81
draft_verify 85
draft_verify 86
draft_verify 89
draft_verify 92
draft_verify 94
draft_verify 96
draft_verify 100
draft_verify 102
draft_verify 106
draft_verify 109
draft_verify 113
draft_verify 117
draft_verify 121
draft_verify 125
draft_verify 126
draft_verify 127
complete 0
