load_target 0
prime_target 0
prime_draft 0
prime_target 128
prime_draft 128
draft_verify 0
draft_verify 3
draft_verify 7
draft_verify 11
draft_verify 15
draft_verify 19
draft_verify 23
draft_verify 27
draft_verify 29
draft_verify 32
draft_verify 33
draft_verify 34
draft_verify 36
draft_verify 40
draft_verify 43
draft_verify 45
draft_verify 49
draft_verify 51
draft_verify 54
draft_verify 58
draft_verify 62
draft_verify 66
draft_verify 69
draft_verify 70
draft_verify 71
draft_verify 75
draft_verify 79
draft_verify 81
draft_verify 85
draft_verify 88
draft_verify 90
draft_verify 91
draft_verify 93
draft_verify 97
draft_verify 99
draft_verify 100
draft_verify 103
draft_verify 107
draft_verify 111
draft_verify 115
draft_verify 118
draft_verify 122
draft_verify 126
draft_verify 127
complete 0
