correctness
correctness-False: starting; elapsed 0s; stage remaining 360s
correctness-False: starting; elapsed 10s; stage remaining 350s
correctness-True: starting; elapsed 17s; stage remaining 343s
correctness-True: starting; elapsed 27s; stage remaining 333s
diagnostic_0_control
pair-0-control: starting; elapsed 35s; stage remaining 448s
pair-0-control: model_load; elapsed 37s; stage remaining 446s
pair-0-control: initial_request; elapsed 39s; stage remaining 444s
pair-0-control: initial_request; elapsed 49s; stage remaining 434s
pair-0-control: initial_request; elapsed 59s; stage remaining 424s
pair-0-control: append_request; elapsed 67s; stage remaining 416s
pair-0-control: append_request; elapsed 77s; stage remaining 405s
pair-0-control: append_request; elapsed 87s; stage remaining 395s
pair-0-control: append_request; elapsed 97s; stage remaining 385s
diagnostic_1_control
pair-1-control: starting; elapsed 106s; stage remaining 377s
pair-1-control: model_load; elapsed 108s; stage remaining 375s
pair-1-control: initial_request; elapsed 110s; stage remaining 373s
pair-1-control: initial_request; elapsed 120s; stage remaining 363s
pair-1-control: initial_request; elapsed 130s; stage remaining 353s
pair-1-control: append_request; elapsed 136s; stage remaining 347s
pair-1-control: append_request; elapsed 146s; stage remaining 337s
pair-1-control: append_request; elapsed 156s; stage remaining 326s
pair-1-control: append_request; elapsed 166s; stage remaining 316s
pair-1-control: after_probe; elapsed 172s; stage remaining 310s
diagnostic_2_control
pair-2-control: starting; elapsed 175s; stage remaining 308s
pair-2-control: model_load; elapsed 177s; stage remaining 306s
pair-2-control: initial_request; elapsed 179s; stage remaining 304s
pair-2-control: initial_request; elapsed 189s; stage remaining 294s
pair-2-control: initial_request; elapsed 199s; stage remaining 284s
pair-2-control: append_request; elapsed 205s; stage remaining 278s
pair-2-control: append_request; elapsed 215s; stage remaining 268s
pair-2-control: append_request; elapsed 225s; stage remaining 258s
pair-2-control: append_request; elapsed 235s; stage remaining 248s
screen_0_control
pair-0-control: starting; elapsed 243s; stage remaining 598s
pair-0-control: model_load; elapsed 245s; stage remaining 596s
pair-0-control: initial_request; elapsed 247s; stage remaining 594s
pair-0-control: initial_request; elapsed 257s; stage remaining 584s
pair-0-control: initial_request; elapsed 267s; stage remaining 574s
pair-0-control: append_request; elapsed 273s; stage remaining 568s
pair-0-control: append_request; elapsed 284s; stage remaining 557s
pair-0-control: append_request; elapsed 294s; stage remaining 547s
pair-0-control: append_request; elapsed 304s; stage remaining 537s
screen_0_candidate
pair-0-candidate: starting; elapsed 312s; stage remaining 529s
pair-0-candidate: model_load; elapsed 314s; stage remaining 527s
pair-0-candidate: initial_request; elapsed 316s; stage remaining 525s
pair-0-candidate: initial_request; elapsed 326s; stage remaining 515s
pair-0-candidate: initial_request; elapsed 336s; stage remaining 505s
pair-0-candidate: append_request; elapsed 342s; stage remaining 499s
pair-0-candidate: append_request; elapsed 352s; stage remaining 489s
pair-0-candidate: append_request; elapsed 362s; stage remaining 479s
pair-0-candidate: append_request; elapsed 372s; stage remaining 469s
screen_1_candidate
pair-1-candidate: starting; elapsed 381s; stage remaining 460s
pair-1-candidate: model_load; elapsed 383s; stage remaining 458s
pair-1-candidate: initial_request; elapsed 385s; stage remaining 456s
pair-1-candidate: initial_request; elapsed 395s; stage remaining 446s
pair-1-candidate: initial_request; elapsed 405s; stage remaining 436s
pair-1-candidate: append_request; elapsed 411s; stage remaining 430s
pair-1-candidate: append_request; elapsed 421s; stage remaining 420s
pair-1-candidate: append_request; elapsed 431s; stage remaining 410s
pair-1-candidate: append_request; elapsed 441s; stage remaining 400s
pair-1-candidate: after_probe; elapsed 447s; stage remaining 394s
screen_1_control
pair-1-control: starting; elapsed 449s; stage remaining 392s
pair-1-control: model_load; elapsed 451s; stage remaining 390s
pair-1-control: initial_request; elapsed 453s; stage remaining 388s
pair-1-control: initial_request; elapsed 463s; stage remaining 378s
pair-1-control: initial_request; elapsed 474s; stage remaining 367s
pair-1-control: append_request; elapsed 480s; stage remaining 361s
pair-1-control: append_request; elapsed 490s; stage remaining 351s
pair-1-control: append_request; elapsed 500s; stage remaining 341s
pair-1-control: append_request; elapsed 510s; stage remaining 331s
{
  "kind": "bounded_memory_stage_v1",
  "complete": true,
  "status": "completed",
  "phase": "finished",
  "stages": {
    "diagnostic": {
      "source": "diagnostic/summary.json",
      "sha256": "92b2b05ab73dc35f05f0baf3f7dee05c67839dabba68ad3cbc3ba3ac7cb93e1a",
      "status": "observed",
      "complete": true
    },
    "screen": {
      "source": "screen/summary.json",
      "sha256": "d3fe72133820403bf82239228b2fa7f1c2aef8da88d0942f45250265cb87820d",
      "status": "improvement_not_demonstrated",
      "complete": true
    }
  },
  "started_at": "2026-09-11T06:06:17.588096+00:00",
  "production_promoted": false,
  "normal_request_latency_qualified": false,
  "limits_seconds": {
    "correctness": 360,
    "diagnostic": 450,
    "screen": 600,
    "confirm": 900
  },
  "build": "1ddec378e0a2550eda51c351e5e9315863c15b61773617c457b4d8e2f8df9189",
  "artifact_revision": "b2c422f3c643e36f04227a64d61796b44a4b1029",
  "correctness": {
    "passed": true,
    "exact_logits_routes_state": true,
    "continued_equals_fresh": true,
    "cancellation_failure_checked": true,
    "independent_model_reference": false
  },
  "candidate_for_later_qualification": false,
  "elapsed_seconds": 515.548064082861,
  "finished_at": "2026-09-11T06:14:53.135988+00:00"
}
