load_target 0
prime_target 0
prime_draft 0
prime_target 128
prime_draft 128
draft_verify 0
draft_verify 1
draft_verify 2
draft_verify 3
draft_verify 4
draft_verify 5
draft_verify 6
draft_verify 7
draft_verify 8
draft_verify 9
draft_verify 10
draft_verify 11
draft_verify 12
draft_verify 13
draft_verify 14
draft_verify 15
draft_verify 16
draft_verify 17
draft_verify 18
draft_verify 19
draft_verify 20
draft_verify 21
draft_verify 22
draft_verify 23
draft_verify 24
draft_verify 25
draft_verify 26
draft_verify 27
draft_verify 28
draft_verify 29
draft_verify 30
draft_verify 31
draft_verify 32
draft_verify 33
draft_verify 34
draft_verify 35
draft_verify 36
draft_verify 37
draft_verify 38
draft_verify 39
draft_verify 40
draft_verify 41
draft_verify 42
draft_verify 43
draft_verify 44
draft_verify 45
draft_verify 46
draft_verify 47
draft_verify 48
draft_verify 49
draft_verify 50
draft_verify 51
draft_verify 52
draft_verify 53
draft_verify 54
draft_verify 55
draft_verify 56
draft_verify 57
draft_verify 58
draft_verify 59
draft_verify 60
draft_verify 61
draft_verify 62
draft_verify 63
complete 0
